
> foundly-frontend@0.0.0 build
> ng build

[33m>[39m Building...
[32m√[39m Building...
[1mInitial chunk files[22m[2m | [22m[1mNames[22m                  [2m | [22m [1mRaw size[22m[2m | [22m[1mEstimated transfer size[22m
[32mchunk-3DUPP4QQ.js[39m  [2m | [22m[2m-[22m                      [2m | [22m[36m285.05 kB[39m[2m | [22m               [36m76.81 kB[39m
[32mmain-OM6DHFL4.js[39m   [2m | [22m[2mmain[22m                   [2m | [22m [36m45.24 kB[39m[2m | [22m               [36m14.36 kB[39m
[32mchunk-SOHHKSCZ.js[39m  [2m | [22m[2m-[22m                      [2m | [22m [36m21.68 kB[39m[2m | [22m                [36m4.70 kB[39m
[32mchunk-WXMGSUMX.js[39m  [2m | [22m[2m-[22m                      [2m | [22m [36m10.77 kB[39m[2m | [22m                [36m2.67 kB[39m
[32mchunk-GR7K45ZU.js[39m  [2m | [22m[2m-[22m                      [2m | [22m  [36m8.87 kB[39m[2m | [22m                [36m1.89 kB[39m
[32mchunk-KEYKNQ35.js[39m  [2m | [22m[2m-[22m                      [2m | [22m  [36m6.66 kB[39m[2m | [22m                [36m1.62 kB[39m
[32mchunk-AWOE5DGK.js[39m  [2m | [22m[2m-[22m                      [2m | [22m  [36m1.91 kB[39m[2m | [22m              [36m626 bytes[39m
[32mstyles-5INURTSO.css[39m[2m | [22m[2mstyles[22m                 [2m | [22m  [36m0 bytes[39m[2m | [22m                [36m0 bytes[39m

[1m [22m                  [2m | [22m[1mInitial total[22m          [2m | [22m[1m380.18 kB[22m[2m | [22m              [1m102.67 kB[22m

[1mLazy chunk files[22m   [2m | [22m[1mNames[22m                  [2m | [22m [1mRaw size[22m[2m | [22m[1mEstimated transfer size[22m
[32mchunk-HQ6FUXSF.js[39m  [2m | [22m[2mproject-detail[22m         [2m | [22m[36m184.53 kB[39m[2m | [22m               [36m30.77 kB[39m
[32mchunk-PJ2DBKDI.js[39m  [2m | [22m[2m-[22m                      [2m | [22m [36m42.20 kB[39m[2m | [22m                [36m8.72 kB[39m
[32mchunk-DTIPUIFM.js[39m  [2m | [22m[2mparticipating-project[22m  [2m | [22m [36m40.78 kB[39m[2m | [22m                [36m8.67 kB[39m
[32mchunk-KCPGMGEC.js[39m  [2m | [22m[2mprofile[22m                [2m | [22m [36m35.97 kB[39m[2m | [22m                [36m7.87 kB[39m
[32mchunk-OXWNXWOY.js[39m  [2m | [22m[2mcreate-project[22m         [2m | [22m [36m35.11 kB[39m[2m | [22m                [36m7.17 kB[39m
[32mchunk-WR5JKSUG.js[39m  [2m | [22m[2mhome-component[22m         [2m | [22m [36m30.43 kB[39m[2m | [22m                [36m7.18 kB[39m
[32mchunk-IZQEM5S4.js[39m  [2m | [22m[2mproject-info[22m           [2m | [22m [36m26.62 kB[39m[2m | [22m                [36m6.27 kB[39m
[32mchunk-JJEFE6PH.js[39m  [2m | [22m[2monboarding[22m             [2m | [22m [36m24.94 kB[39m[2m | [22m                [36m5.05 kB[39m
[32mchunk-2PHI2OC5.js[39m  [2m | [22m[2mpublic-profile[22m         [2m | [22m [36m23.98 kB[39m[2m | [22m                [36m5.81 kB[39m
[32mchunk-BAZD2UUT.js[39m  [2m | [22m[2m-[22m                      [2m | [22m [36m23.38 kB[39m[2m | [22m                [36m4.31 kB[39m
[32mchunk-LX67FSFH.js[39m  [2m | [22m[2mcollaborators-component[22m[2m | [22m [36m18.53 kB[39m[2m | [22m                [36m4.85 kB[39m
[32mchunk-BYYZCDJ3.js[39m  [2m | [22m[2mlogin[22m                  [2m | [22m [36m18.25 kB[39m[2m | [22m                [36m4.70 kB[39m
[32mchunk-VC4FSNCT.js[39m  [2m | [22m[2mproject-view[22m           [2m | [22m [36m15.54 kB[39m[2m | [22m                [36m3.91 kB[39m
[32mchunk-LQOPBGKX.js[39m  [2m | [22m[2mtask-detail[22m            [2m | [22m [36m15.40 kB[39m[2m | [22m                [36m4.32 kB[39m
[32mchunk-YKPLOJ4E.js[39m  [2m | [22m[2mregister[22m               [2m | [22m [36m14.99 kB[39m[2m | [22m                [36m3.96 kB[39m
[2m...and 8 more lazy chunks files. Use "--verbose" to show all the files.[22m

Application bundle generation complete. [15.871 seconds] - 2026-06-14T06:04:20.450Z

[1m[33m[33m▲ [43;33m[[43;30mWARNING[43;33m][0m [1mNG8107: NG8107: The left side of this optional chain operation does not include 'null' or 'undefined' in its type, therefore the '?.' operator can be replaced with the '.' operator. Find more at https://v21.angular.dev/extended-diagnostics/NG8107[0m [1m[35m[plugin angular-compiler][0m

    src/app/profile-management/presentation/views/public-profile/public-profile.html:247:60:
[37m      247 │         <div class="pp-info-card" *ngIf="profile()!.skills?.[32mlength[37m">
          ╵                                                             [32m~~~~~~[0m

  Warning occurs in the template of component PublicProfileComponent.

    src/app/profile-management/presentation/views/public-profile/public-profile.ts:17:15:
[37m      17 │   templateUrl: [32m'./public-profile.html'[37m,
         ╵                [32m~~~~~~~~~~~~~~~~~~~~~~~[0m


[33m▲ [43;33m[[43;30mWARNING[43;33m][0m [1mNG8107: NG8107: The left side of this optional chain operation does not include 'null' or 'undefined' in its type, therefore the '?.' operator can be replaced with the '.' operator. Find more at https://v21.angular.dev/extended-diagnostics/NG8107[0m [1m[35m[plugin angular-compiler][0m

    src/app/profile-management/presentation/views/public-profile/public-profile.html:355:46:
[37m      355 │               *ngIf="!profile()!.experiences?.[32mlength[37m">
          ╵                                               [32m~~~~~~[0m

  Warning occurs in the template of component PublicProfileComponent.

    src/app/profile-management/presentation/views/public-profile/public-profile.ts:17:15:
[37m      17 │   templateUrl: [32m'./public-profile.html'[37m,
         ╵                [32m~~~~~~~~~~~~~~~~~~~~~~~[0m


[33m▲ [43;33m[[43;30mWARNING[43;33m][0m [1mNG8107: NG8107: The left side of this optional chain operation does not include 'null' or 'undefined' in its type, therefore the '?.' operator can be replaced with the '.' operator. Find more at https://v21.angular.dev/extended-diagnostics/NG8107[0m [1m[35m[plugin angular-compiler][0m

    src/app/shared/presentation/collaborators/components/collaborator-list/collaborator-list.html:6:55:
[37m      6 │     <div class="cl-skills" *ngIf="collaborator.skills?.[32mlength[37m">
        ╵                                                        [32m~~~~~~[0m

  Warning occurs in the template of component CollaboratorList.

    src/app/shared/presentation/collaborators/components/collaborator-list/collaborator-list.ts:17:15:
[37m      17 │   templateUrl: [32m'./collaborator-list.html'[37m,
         ╵                [32m~~~~~~~~~~~~~~~~~~~~~~~~~~[0m


[33m▲ [43;33m[[43;30mWARNING[43;33m][0m [1mNG8107: NG8107: The left side of this optional chain operation does not include 'null' or 'undefined' in its type, therefore the '?.' operator can be replaced with the '.' operator. Find more at https://v21.angular.dev/extended-diagnostics/NG8107[0m [1m[35m[plugin angular-compiler][0m

    src/app/shared/presentation/collaborators/views/ranking/ranking.html:74:55:
[37m      74 │             <div class="rk-skills" *ngIf="item.skills?.[32mlength[37m">
         ╵                                                        [32m~~~~~~[0m

  Warning occurs in the template of component RankingComponent.

    src/app/shared/presentation/collaborators/views/ranking/ranking.ts:12:15:
[37m      12 │   templateUrl: [32m'./ranking.html'[37m,
         ╵                [32m~~~~~~~~~~~~~~~~[0m


[33m▲ [43;33m[[43;30mWARNING[43;33m][0m [1mNG8107: NG8107: The left side of this optional chain operation does not include 'null' or 'undefined' in its type, therefore the '?.' operator can be replaced with the '.' operator. Find more at https://v21.angular.dev/extended-diagnostics/NG8107[0m [1m[35m[plugin angular-compiler][0m

    src/app/shared/presentation/home/components/collaborator-card/collaborator-card.html:7:59:
[37m      7 │     <div class="collab-skills" *ngIf="collaborator.skills?.[32mlength[37m">
        ╵                                                            [32m~~~~~~[0m

  Warning occurs in the template of component CollaboratorCardComponent.

    src/app/shared/presentation/home/components/collaborator-card/collaborator-card.ts:25:15:
[37m      25 │   templateUrl: [32m'./collaborator-card.html'[37m,
         ╵                [32m~~~~~~~~~~~~~~~~~~~~~~~~~~[0m


[33m▲ [43;33m[[43;30mWARNING[43;33m][0m [1mNG8107: NG8107: The left side of this optional chain operation does not include 'null' or 'undefined' in its type, therefore the '?.' operator can be replaced with the '.' operator. Find more at https://v21.angular.dev/extended-diagnostics/NG8107[0m [1m[35m[plugin angular-compiler][0m

    src/app/shared/presentation/home/components/project-card/projectc-card.html:22:55:
[37m      22 │   <div class="tags-row area-row" *ngIf="project.areas?.[32mlength[37m">
         ╵                                                        [32m~~~~~~[0m

  Warning occurs in the template of component ProjectCardComponent.

    src/app/shared/presentation/home/components/project-card/projectc-card.ts:19:15:
[37m      19 │   templateUrl: [32m'./projectc-card.html'[37m,  // ✅
         ╵                [32m~~~~~~~~~~~~~~~~~~~~~~[0m

[39m[22m
Output location: C:\Users\PERSONAL\WebstormProjects\Foundly-Frontend\dist\Foundly-Frontend

